// Jest Snapshot v1, https://goo.gl/fbAQLP

exports[`components Login should render self and subcomponents 1`] = `
ShallowWrapper {
  "length": 1,
  Symbol(enzyme.__root__): [Circular],
  Symbol(enzyme.__unrendered__): <Login
    login={
      Object {
        "isLoggedIn": false,
      }
    }
    utility={
      Object {
        "errorMessage": null,
        "hasError": false,
        "isBusy": false,
      }
    }
  />,
  Symbol(enzyme.__renderer__): Object {
    "batchedUpdates": [Function],
    "getNode": [Function],
    "render": [Function],
    "simulateEvent": [Function],
    "unmount": [Function],
  },
  Symbol(enzyme.__node__): Object {
    "instance": null,
    "key": undefined,
    "nodeType": "function",
    "props": Object {
      "children": Array [
        <View
          style={
            Array [
              Object {
                "alignItems": "center",
                "justifyContent": "center",
              },
              Object {
                "padding": 10,
              },
            ]
          }
        >
          <Text
            accessible={true}
            allowFontScaling={true}
            ellipsizeMode="tail"
            style={
              Array [
                Object {
                  "alignItems": "center",
                  "justifyContent": "flex-start",
                },
                Object {
                  "padding": 10,
                },
              ]
            }
          >
            Login
          </Text>
          <UNDEFINED
            button={true}
            onPress={[Function]}
            style={
              Object {
                "width": 200,
              }
            }
            title="Sign In With Facebook"
            type="facebook"
          />
        </View>,
        <busyIndicator
          isBusy={false}
          message={undefined}
        />,
      ],
      "hideClose": true,
    },
    "ref": null,
    "rendered": Array [
      Object {
        "instance": null,
        "key": undefined,
        "nodeType": "class",
        "props": Object {
          "children": Array [
            <Text
              accessible={true}
              allowFontScaling={true}
              ellipsizeMode="tail"
              style={
                Array [
                  Object {
                    "alignItems": "center",
                    "justifyContent": "flex-start",
                  },
                  Object {
                    "padding": 10,
                  },
                ]
              }
            >
              Login
            </Text>,
            <UNDEFINED
              button={true}
              onPress={[Function]}
              style={
                Object {
                  "width": 200,
                }
              }
              title="Sign In With Facebook"
              type="facebook"
            />,
          ],
          "style": Array [
            Object {
              "alignItems": "center",
              "justifyContent": "center",
            },
            Object {
              "padding": 10,
            },
          ],
        },
        "ref": null,
        "rendered": Array [
          Object {
            "instance": null,
            "key": undefined,
            "nodeType": "class",
            "props": Object {
              "accessible": true,
              "allowFontScaling": true,
              "children": "Login",
              "ellipsizeMode": "tail",
              "style": Array [
                Object {
                  "alignItems": "center",
                  "justifyContent": "flex-start",
                },
                Object {
                  "padding": 10,
                },
              ],
            },
            "ref": null,
            "rendered": "Login",
            "type": [Function],
          },
          Object {
            "instance": null,
            "key": undefined,
            "nodeType": "function",
            "props": Object {
              "button": true,
              "onPress": [Function],
              "style": Object {
                "width": 200,
              },
              "title": "Sign In With Facebook",
              "type": "facebook",
            },
            "ref": null,
            "rendered": null,
            "type": undefined,
          },
        ],
        "type": [Function],
      },
      Object {
        "instance": null,
        "key": undefined,
        "nodeType": "function",
        "props": Object {
          "isBusy": false,
          "message": undefined,
        },
        "ref": null,
        "rendered": null,
        "type": [Function],
      },
    ],
    "type": [Function],
  },
  Symbol(enzyme.__nodes__): Array [
    Object {
      "instance": null,
      "key": undefined,
      "nodeType": "function",
      "props": Object {
        "children": Array [
          <View
            style={
              Array [
                Object {
                  "alignItems": "center",
                  "justifyContent": "center",
                },
                Object {
                  "padding": 10,
                },
              ]
            }
          >
            <Text
              accessible={true}
              allowFontScaling={true}
              ellipsizeMode="tail"
              style={
                Array [
                  Object {
                    "alignItems": "center",
                    "justifyContent": "flex-start",
                  },
                  Object {
                    "padding": 10,
                  },
                ]
              }
            >
              Login
            </Text>
            <UNDEFINED
              button={true}
              onPress={[Function]}
              style={
                Object {
                  "width": 200,
                }
              }
              title="Sign In With Facebook"
              type="facebook"
            />
          </View>,
          <busyIndicator
            isBusy={false}
            message={undefined}
          />,
        ],
        "hideClose": true,
      },
      "ref": null,
      "rendered": Array [
        Object {
          "instance": null,
          "key": undefined,
          "nodeType": "class",
          "props": Object {
            "children": Array [
              <Text
                accessible={true}
                allowFontScaling={true}
                ellipsizeMode="tail"
                style={
                  Array [
                    Object {
                      "alignItems": "center",
                      "justifyContent": "flex-start",
                    },
                    Object {
                      "padding": 10,
                    },
                  ]
                }
              >
                Login
              </Text>,
              <UNDEFINED
                button={true}
                onPress={[Function]}
                style={
                  Object {
                    "width": 200,
                  }
                }
                title="Sign In With Facebook"
                type="facebook"
              />,
            ],
            "style": Array [
              Object {
                "alignItems": "center",
                "justifyContent": "center",
              },
              Object {
                "padding": 10,
              },
            ],
          },
          "ref": null,
          "rendered": Array [
            Object {
              "instance": null,
              "key": undefined,
              "nodeType": "class",
              "props": Object {
                "accessible": true,
                "allowFontScaling": true,
                "children": "Login",
                "ellipsizeMode": "tail",
                "style": Array [
                  Object {
                    "alignItems": "center",
                    "justifyContent": "flex-start",
                  },
                  Object {
                    "padding": 10,
                  },
                ],
              },
              "ref": null,
              "rendered": "Login",
              "type": [Function],
            },
            Object {
              "instance": null,
              "key": undefined,
              "nodeType": "function",
              "props": Object {
                "button": true,
                "onPress": [Function],
                "style": Object {
                  "width": 200,
                },
                "title": "Sign In With Facebook",
                "type": "facebook",
              },
              "ref": null,
              "rendered": null,
              "type": undefined,
            },
          ],
          "type": [Function],
        },
        Object {
          "instance": null,
          "key": undefined,
          "nodeType": "function",
          "props": Object {
            "isBusy": false,
            "message": undefined,
          },
          "ref": null,
          "rendered": null,
          "type": [Function],
        },
      ],
      "type": [Function],
    },
  ],
  Symbol(enzyme.__options__): Object {
    "adapter": ReactSixteenAdapter {
      "options": Object {
        "enableComponentDidUpdateOnSetState": true,
      },
    },
  },
}
`;
