// Jest Snapshot v1, https://goo.gl/fbAQLP

exports[`Facebook actions FacebookLogin returns SUCCESS when done 1`] = `
Array [
  Object {
    "reason": "Kollar vem du Ã¤r",
    "sender": "FacebookLogin",
    "type": "APP = BUSY LOADING",
  },
  Object {
    "payload": User {
      "accessToken": "fbTokenMock",
      "name": "MockName",
      "picture": "http://mockImageUrl/",
      "type": "Facebook",
    },
    "type": "LOGIN_SUCCESS",
  },
  Object {
    "reason": "Friskar upp minnet",
    "sender": "SaveByKey",
    "type": "APP = BUSY LOADING",
  },
  Object {
    "key": "STORAGE KEY = USER",
    "type": "STORAGE = SAVED KEY",
    "value": User {
      "accessToken": "fbTokenMock",
      "name": "MockName",
      "picture": "http://mockImageUrl/",
      "type": "Facebook",
    },
  },
  Object {
    "exception": null,
    "reason": null,
    "sender": "SaveByKey",
    "type": "APP NO ERROR",
  },
  Object {
    "reason": null,
    "sender": "SaveByKey",
    "type": "APP = DONE LOADING",
  },
  Object {
    "exception": null,
    "reason": null,
    "sender": "FacebookLogin",
    "type": "APP NO ERROR",
  },
  Object {
    "reason": null,
    "sender": "FacebookLogin",
    "type": "APP = DONE LOADING",
  },
]
`;
