// Jest Snapshot v1, https://goo.gl/fbAQLP

exports[`components Profile should render self and subcomponents 1`] = `
ShallowWrapper {
  "length": 1,
  Symbol(enzyme.__root__): [Circular],
  Symbol(enzyme.__unrendered__): <ProfileBase
    RemoveKey={[MockFunction]}
    login={
      Object {
        "isLoggedIn": false,
      }
    }
    storage={
      Object {
        "key": "",
        "value": Object {
          "accessToken": "1",
          "name": "test",
          "picture": "",
          "type": "Google",
        },
      }
    }
    utility={
      Object {
        "busyReason": null,
        "hasError": false,
        "isBusy": false,
      }
    }
  />,
  Symbol(enzyme.__renderer__): Object {
    "batchedUpdates": [Function],
    "getNode": [Function],
    "render": [Function],
    "simulateEvent": [Function],
    "unmount": [Function],
  },
  Symbol(enzyme.__node__): Object {
    "instance": null,
    "key": undefined,
    "nodeType": "class",
    "props": Object {
      "children": <ScrollView
        testID="scrollView"
      >
        <View>
          <View>
            <Text
              accessible={true}
              allowFontScaling={true}
              ellipsizeMode="tail"
            >
              test
            </Text>
            <UNDEFINED
              activeOpacity={0.7}
              large={true}
              rounded={true}
              source={
                Object {
                  "uri": "",
                }
              }
            />
          </View>
          <UNDEFINED
            icon={
              Object {
                "name": "sign-out",
                "type": "font-awesome",
              }
            }
            medium={true}
            onPress={undefined}
            style={
              Object {
                "margin": 10,
              }
            }
            title="Sign out"
          />
        </View>
      </ScrollView>,
      "style": Object {
        "display": "flex",
        "padding": 10,
      },
    },
    "ref": null,
    "rendered": Object {
      "instance": null,
      "key": undefined,
      "nodeType": "class",
      "props": Object {
        "children": <View>
          <View>
            <Text
              accessible={true}
              allowFontScaling={true}
              ellipsizeMode="tail"
            >
              test
            </Text>
            <UNDEFINED
              activeOpacity={0.7}
              large={true}
              rounded={true}
              source={
                Object {
                  "uri": "",
                }
              }
            />
          </View>
          <UNDEFINED
            icon={
              Object {
                "name": "sign-out",
                "type": "font-awesome",
              }
            }
            medium={true}
            onPress={undefined}
            style={
              Object {
                "margin": 10,
              }
            }
            title="Sign out"
          />
        </View>,
        "testID": "scrollView",
      },
      "ref": null,
      "rendered": Object {
        "instance": null,
        "key": undefined,
        "nodeType": "class",
        "props": Object {
          "children": Array [
            <View>
              <Text
                accessible={true}
                allowFontScaling={true}
                ellipsizeMode="tail"
              >
                test
              </Text>
              <UNDEFINED
                activeOpacity={0.7}
                large={true}
                rounded={true}
                source={
                  Object {
                    "uri": "",
                  }
                }
              />
            </View>,
            <UNDEFINED
              icon={
                Object {
                  "name": "sign-out",
                  "type": "font-awesome",
                }
              }
              medium={true}
              onPress={undefined}
              style={
                Object {
                  "margin": 10,
                }
              }
              title="Sign out"
            />,
          ],
        },
        "ref": null,
        "rendered": Array [
          Object {
            "instance": null,
            "key": undefined,
            "nodeType": "class",
            "props": Object {
              "children": Array [
                <Text
                  accessible={true}
                  allowFontScaling={true}
                  ellipsizeMode="tail"
                >
                  test
                </Text>,
                <UNDEFINED
                  activeOpacity={0.7}
                  large={true}
                  rounded={true}
                  source={
                    Object {
                      "uri": "",
                    }
                  }
                />,
              ],
            },
            "ref": null,
            "rendered": Array [
              Object {
                "instance": null,
                "key": undefined,
                "nodeType": "class",
                "props": Object {
                  "accessible": true,
                  "allowFontScaling": true,
                  "children": "test",
                  "ellipsizeMode": "tail",
                },
                "ref": null,
                "rendered": "test",
                "type": [Function],
              },
              Object {
                "instance": null,
                "key": undefined,
                "nodeType": "function",
                "props": Object {
                  "activeOpacity": 0.7,
                  "large": true,
                  "rounded": true,
                  "source": Object {
                    "uri": "",
                  },
                },
                "ref": null,
                "rendered": null,
                "type": undefined,
              },
            ],
            "type": [Function],
          },
          Object {
            "instance": null,
            "key": undefined,
            "nodeType": "function",
            "props": Object {
              "icon": Object {
                "name": "sign-out",
                "type": "font-awesome",
              },
              "medium": true,
              "onPress": undefined,
              "style": Object {
                "margin": 10,
              },
              "title": "Sign out",
            },
            "ref": null,
            "rendered": null,
            "type": undefined,
          },
        ],
        "type": [Function],
      },
      "type": [MockFunction],
    },
    "type": [Function],
  },
  Symbol(enzyme.__nodes__): Array [
    Object {
      "instance": null,
      "key": undefined,
      "nodeType": "class",
      "props": Object {
        "children": <ScrollView
          testID="scrollView"
        >
          <View>
            <View>
              <Text
                accessible={true}
                allowFontScaling={true}
                ellipsizeMode="tail"
              >
                test
              </Text>
              <UNDEFINED
                activeOpacity={0.7}
                large={true}
                rounded={true}
                source={
                  Object {
                    "uri": "",
                  }
                }
              />
            </View>
            <UNDEFINED
              icon={
                Object {
                  "name": "sign-out",
                  "type": "font-awesome",
                }
              }
              medium={true}
              onPress={undefined}
              style={
                Object {
                  "margin": 10,
                }
              }
              title="Sign out"
            />
          </View>
        </ScrollView>,
        "style": Object {
          "display": "flex",
          "padding": 10,
        },
      },
      "ref": null,
      "rendered": Object {
        "instance": null,
        "key": undefined,
        "nodeType": "class",
        "props": Object {
          "children": <View>
            <View>
              <Text
                accessible={true}
                allowFontScaling={true}
                ellipsizeMode="tail"
              >
                test
              </Text>
              <UNDEFINED
                activeOpacity={0.7}
                large={true}
                rounded={true}
                source={
                  Object {
                    "uri": "",
                  }
                }
              />
            </View>
            <UNDEFINED
              icon={
                Object {
                  "name": "sign-out",
                  "type": "font-awesome",
                }
              }
              medium={true}
              onPress={undefined}
              style={
                Object {
                  "margin": 10,
                }
              }
              title="Sign out"
            />
          </View>,
          "testID": "scrollView",
        },
        "ref": null,
        "rendered": Object {
          "instance": null,
          "key": undefined,
          "nodeType": "class",
          "props": Object {
            "children": Array [
              <View>
                <Text
                  accessible={true}
                  allowFontScaling={true}
                  ellipsizeMode="tail"
                >
                  test
                </Text>
                <UNDEFINED
                  activeOpacity={0.7}
                  large={true}
                  rounded={true}
                  source={
                    Object {
                      "uri": "",
                    }
                  }
                />
              </View>,
              <UNDEFINED
                icon={
                  Object {
                    "name": "sign-out",
                    "type": "font-awesome",
                  }
                }
                medium={true}
                onPress={undefined}
                style={
                  Object {
                    "margin": 10,
                  }
                }
                title="Sign out"
              />,
            ],
          },
          "ref": null,
          "rendered": Array [
            Object {
              "instance": null,
              "key": undefined,
              "nodeType": "class",
              "props": Object {
                "children": Array [
                  <Text
                    accessible={true}
                    allowFontScaling={true}
                    ellipsizeMode="tail"
                  >
                    test
                  </Text>,
                  <UNDEFINED
                    activeOpacity={0.7}
                    large={true}
                    rounded={true}
                    source={
                      Object {
                        "uri": "",
                      }
                    }
                  />,
                ],
              },
              "ref": null,
              "rendered": Array [
                Object {
                  "instance": null,
                  "key": undefined,
                  "nodeType": "class",
                  "props": Object {
                    "accessible": true,
                    "allowFontScaling": true,
                    "children": "test",
                    "ellipsizeMode": "tail",
                  },
                  "ref": null,
                  "rendered": "test",
                  "type": [Function],
                },
                Object {
                  "instance": null,
                  "key": undefined,
                  "nodeType": "function",
                  "props": Object {
                    "activeOpacity": 0.7,
                    "large": true,
                    "rounded": true,
                    "source": Object {
                      "uri": "",
                    },
                  },
                  "ref": null,
                  "rendered": null,
                  "type": undefined,
                },
              ],
              "type": [Function],
            },
            Object {
              "instance": null,
              "key": undefined,
              "nodeType": "function",
              "props": Object {
                "icon": Object {
                  "name": "sign-out",
                  "type": "font-awesome",
                },
                "medium": true,
                "onPress": undefined,
                "style": Object {
                  "margin": 10,
                },
                "title": "Sign out",
              },
              "ref": null,
              "rendered": null,
              "type": undefined,
            },
          ],
          "type": [Function],
        },
        "type": [MockFunction],
      },
      "type": [Function],
    },
  ],
  Symbol(enzyme.__options__): Object {
    "adapter": ReactSixteenAdapter {
      "options": Object {
        "enableComponentDidUpdateOnSetState": true,
      },
    },
  },
}
`;
