// Jest Snapshot v1, https://goo.gl/fbAQLP

exports[`components BusyIndicator should render self and subcomponents 1`] = `
ShallowWrapper {
  "length": 1,
  Symbol(enzyme.__root__): [Circular],
  Symbol(enzyme.__unrendered__): <busyIndicator
    isBusy={true}
    type="MaterialIndicator"
  />,
  Symbol(enzyme.__renderer__): Object {
    "batchedUpdates": [Function],
    "getNode": [Function],
    "render": [Function],
    "simulateEvent": [Function],
    "unmount": [Function],
  },
  Symbol(enzyme.__node__): Object {
    "instance": null,
    "key": undefined,
    "nodeType": "class",
    "props": Object {
      "children": <View
        style={
          Array [
            Object {
              "alignItems": "center",
              "bottom": 0,
              "justifyContent": "center",
              "left": 0,
              "position": "absolute",
              "right": 0,
              "top": 0,
            },
            Object {
              "alignItems": "flex-start",
              "flex": 1,
              "flexDirection": "row",
              "justifyContent": "flex-start",
            },
          ]
        }
      >
        <View
          style={
            Array [
              Object {
                "flex": 1,
              },
              Object {
                "alignItems": "center",
                "flex": 1,
                "flexDirection": "column",
                "justifyContent": "flex-start",
              },
            ]
          }
        >
          <Spinner
            style={
              Array [
                Object {
                  "flex": 1,
                },
                Object {
                  "alignItems": "center",
                  "flex": 1,
                  "flexDirection": "column",
                  "justifyContent": "flex-start",
                },
              ]
            }
            type="MaterialIndicator"
          />
          <Text
            accessible={true}
            allowFontScaling={true}
            ellipsizeMode="tail"
            style={
              Array [
                Object {
                  "flex": 1,
                },
                Object {
                  "alignItems": "center",
                  "flex": 1,
                  "flexDirection": "column",
                  "justifyContent": "flex-start",
                },
              ]
            }
          >
            
          </Text>
        </View>
      </View>,
      "style": Object {
        "backgroundColor": "black",
        "bottom": 0,
        "left": 0,
        "opacity": 0.3,
        "position": "absolute",
        "right": 0,
        "top": 0,
      },
      "testID": "1",
    },
    "ref": null,
    "rendered": Object {
      "instance": null,
      "key": undefined,
      "nodeType": "class",
      "props": Object {
        "children": <View
          style={
            Array [
              Object {
                "flex": 1,
              },
              Object {
                "alignItems": "center",
                "flex": 1,
                "flexDirection": "column",
                "justifyContent": "flex-start",
              },
            ]
          }
        >
          <Spinner
            style={
              Array [
                Object {
                  "flex": 1,
                },
                Object {
                  "alignItems": "center",
                  "flex": 1,
                  "flexDirection": "column",
                  "justifyContent": "flex-start",
                },
              ]
            }
            type="MaterialIndicator"
          />
          <Text
            accessible={true}
            allowFontScaling={true}
            ellipsizeMode="tail"
            style={
              Array [
                Object {
                  "flex": 1,
                },
                Object {
                  "alignItems": "center",
                  "flex": 1,
                  "flexDirection": "column",
                  "justifyContent": "flex-start",
                },
              ]
            }
          >
            
          </Text>
        </View>,
        "style": Array [
          Object {
            "alignItems": "center",
            "bottom": 0,
            "justifyContent": "center",
            "left": 0,
            "position": "absolute",
            "right": 0,
            "top": 0,
          },
          Object {
            "alignItems": "flex-start",
            "flex": 1,
            "flexDirection": "row",
            "justifyContent": "flex-start",
          },
        ],
      },
      "ref": null,
      "rendered": Object {
        "instance": null,
        "key": undefined,
        "nodeType": "class",
        "props": Object {
          "children": Array [
            <Spinner
              style={
                Array [
                  Object {
                    "flex": 1,
                  },
                  Object {
                    "alignItems": "center",
                    "flex": 1,
                    "flexDirection": "column",
                    "justifyContent": "flex-start",
                  },
                ]
              }
              type="MaterialIndicator"
            />,
            <Text
              accessible={true}
              allowFontScaling={true}
              ellipsizeMode="tail"
              style={
                Array [
                  Object {
                    "flex": 1,
                  },
                  Object {
                    "alignItems": "center",
                    "flex": 1,
                    "flexDirection": "column",
                    "justifyContent": "flex-start",
                  },
                ]
              }
            >
              
            </Text>,
          ],
          "style": Array [
            Object {
              "flex": 1,
            },
            Object {
              "alignItems": "center",
              "flex": 1,
              "flexDirection": "column",
              "justifyContent": "flex-start",
            },
          ],
        },
        "ref": null,
        "rendered": Array [
          Object {
            "instance": null,
            "key": undefined,
            "nodeType": "function",
            "props": Object {
              "style": Array [
                Object {
                  "flex": 1,
                },
                Object {
                  "alignItems": "center",
                  "flex": 1,
                  "flexDirection": "column",
                  "justifyContent": "flex-start",
                },
              ],
              "type": "MaterialIndicator",
            },
            "ref": null,
            "rendered": null,
            "type": [Function],
          },
          Object {
            "instance": null,
            "key": undefined,
            "nodeType": "class",
            "props": Object {
              "accessible": true,
              "allowFontScaling": true,
              "children": "",
              "ellipsizeMode": "tail",
              "style": Array [
                Object {
                  "flex": 1,
                },
                Object {
                  "alignItems": "center",
                  "flex": 1,
                  "flexDirection": "column",
                  "justifyContent": "flex-start",
                },
              ],
            },
            "ref": null,
            "rendered": "",
            "type": [Function],
          },
        ],
        "type": [Function],
      },
      "type": [Function],
    },
    "type": [Function],
  },
  Symbol(enzyme.__nodes__): Array [
    Object {
      "instance": null,
      "key": undefined,
      "nodeType": "class",
      "props": Object {
        "children": <View
          style={
            Array [
              Object {
                "alignItems": "center",
                "bottom": 0,
                "justifyContent": "center",
                "left": 0,
                "position": "absolute",
                "right": 0,
                "top": 0,
              },
              Object {
                "alignItems": "flex-start",
                "flex": 1,
                "flexDirection": "row",
                "justifyContent": "flex-start",
              },
            ]
          }
        >
          <View
            style={
              Array [
                Object {
                  "flex": 1,
                },
                Object {
                  "alignItems": "center",
                  "flex": 1,
                  "flexDirection": "column",
                  "justifyContent": "flex-start",
                },
              ]
            }
          >
            <Spinner
              style={
                Array [
                  Object {
                    "flex": 1,
                  },
                  Object {
                    "alignItems": "center",
                    "flex": 1,
                    "flexDirection": "column",
                    "justifyContent": "flex-start",
                  },
                ]
              }
              type="MaterialIndicator"
            />
            <Text
              accessible={true}
              allowFontScaling={true}
              ellipsizeMode="tail"
              style={
                Array [
                  Object {
                    "flex": 1,
                  },
                  Object {
                    "alignItems": "center",
                    "flex": 1,
                    "flexDirection": "column",
                    "justifyContent": "flex-start",
                  },
                ]
              }
            >
              
            </Text>
          </View>
        </View>,
        "style": Object {
          "backgroundColor": "black",
          "bottom": 0,
          "left": 0,
          "opacity": 0.3,
          "position": "absolute",
          "right": 0,
          "top": 0,
        },
        "testID": "1",
      },
      "ref": null,
      "rendered": Object {
        "instance": null,
        "key": undefined,
        "nodeType": "class",
        "props": Object {
          "children": <View
            style={
              Array [
                Object {
                  "flex": 1,
                },
                Object {
                  "alignItems": "center",
                  "flex": 1,
                  "flexDirection": "column",
                  "justifyContent": "flex-start",
                },
              ]
            }
          >
            <Spinner
              style={
                Array [
                  Object {
                    "flex": 1,
                  },
                  Object {
                    "alignItems": "center",
                    "flex": 1,
                    "flexDirection": "column",
                    "justifyContent": "flex-start",
                  },
                ]
              }
              type="MaterialIndicator"
            />
            <Text
              accessible={true}
              allowFontScaling={true}
              ellipsizeMode="tail"
              style={
                Array [
                  Object {
                    "flex": 1,
                  },
                  Object {
                    "alignItems": "center",
                    "flex": 1,
                    "flexDirection": "column",
                    "justifyContent": "flex-start",
                  },
                ]
              }
            >
              
            </Text>
          </View>,
          "style": Array [
            Object {
              "alignItems": "center",
              "bottom": 0,
              "justifyContent": "center",
              "left": 0,
              "position": "absolute",
              "right": 0,
              "top": 0,
            },
            Object {
              "alignItems": "flex-start",
              "flex": 1,
              "flexDirection": "row",
              "justifyContent": "flex-start",
            },
          ],
        },
        "ref": null,
        "rendered": Object {
          "instance": null,
          "key": undefined,
          "nodeType": "class",
          "props": Object {
            "children": Array [
              <Spinner
                style={
                  Array [
                    Object {
                      "flex": 1,
                    },
                    Object {
                      "alignItems": "center",
                      "flex": 1,
                      "flexDirection": "column",
                      "justifyContent": "flex-start",
                    },
                  ]
                }
                type="MaterialIndicator"
              />,
              <Text
                accessible={true}
                allowFontScaling={true}
                ellipsizeMode="tail"
                style={
                  Array [
                    Object {
                      "flex": 1,
                    },
                    Object {
                      "alignItems": "center",
                      "flex": 1,
                      "flexDirection": "column",
                      "justifyContent": "flex-start",
                    },
                  ]
                }
              >
                
              </Text>,
            ],
            "style": Array [
              Object {
                "flex": 1,
              },
              Object {
                "alignItems": "center",
                "flex": 1,
                "flexDirection": "column",
                "justifyContent": "flex-start",
              },
            ],
          },
          "ref": null,
          "rendered": Array [
            Object {
              "instance": null,
              "key": undefined,
              "nodeType": "function",
              "props": Object {
                "style": Array [
                  Object {
                    "flex": 1,
                  },
                  Object {
                    "alignItems": "center",
                    "flex": 1,
                    "flexDirection": "column",
                    "justifyContent": "flex-start",
                  },
                ],
                "type": "MaterialIndicator",
              },
              "ref": null,
              "rendered": null,
              "type": [Function],
            },
            Object {
              "instance": null,
              "key": undefined,
              "nodeType": "class",
              "props": Object {
                "accessible": true,
                "allowFontScaling": true,
                "children": "",
                "ellipsizeMode": "tail",
                "style": Array [
                  Object {
                    "flex": 1,
                  },
                  Object {
                    "alignItems": "center",
                    "flex": 1,
                    "flexDirection": "column",
                    "justifyContent": "flex-start",
                  },
                ],
              },
              "ref": null,
              "rendered": "",
              "type": [Function],
            },
          ],
          "type": [Function],
        },
        "type": [Function],
      },
      "type": [Function],
    },
  ],
  Symbol(enzyme.__options__): Object {
    "adapter": ReactSixteenAdapter {
      "options": Object {
        "enableComponentDidUpdateOnSetState": true,
      },
    },
  },
}
`;
