// Jest Snapshot v1, https://goo.gl/fbAQLP

exports[`components ModelBase should render self and subcomponents 1`] = `
ShallowWrapper {
  "length": 1,
  Symbol(enzyme.__root__): [Circular],
  Symbol(enzyme.__unrendered__): <BaseModal
    hideClose={false}
    horizontalPercent={0.5}
    verticalPercent={0.5}
  >
    <View />
  </BaseModal>,
  Symbol(enzyme.__renderer__): Object {
    "batchedUpdates": [Function],
    "getNode": [Function],
    "render": [Function],
    "simulateEvent": [Function],
    "unmount": [Function],
  },
  Symbol(enzyme.__node__): Object {
    "instance": null,
    "key": undefined,
    "nodeType": "class",
    "props": Object {
      "children": Array [
        <View
          style={
            Object {
              "flexDirection": "row",
              "justifyContent": "flex-end",
              "paddingHorizontal": 10,
              "paddingTop": 20,
            }
          }
        >
          <TouchableOpacity
            activeOpacity={0.2}
            onPress={[MockFunction]}
          >
            <Text
              accessible={true}
              allowFontScaling={true}
              ellipsizeMode="tail"
            >
              Close
            </Text>
          </TouchableOpacity>
        </View>,
        Array [
          <View />,
        ],
      ],
      "style": Array [
        Object {
          "backgroundColor": "#FFF",
          "bottom": 0,
          "left": 0,
          "position": "absolute",
          "right": 0,
          "top": 0,
        },
        Object {
          "height": 667,
          "width": 667,
        },
      ],
    },
    "ref": null,
    "rendered": Array [
      Object {
        "instance": null,
        "key": undefined,
        "nodeType": "class",
        "props": Object {
          "children": <TouchableOpacity
            activeOpacity={0.2}
            onPress={[MockFunction]}
          >
            <Text
              accessible={true}
              allowFontScaling={true}
              ellipsizeMode="tail"
            >
              Close
            </Text>
          </TouchableOpacity>,
          "style": Object {
            "flexDirection": "row",
            "justifyContent": "flex-end",
            "paddingHorizontal": 10,
            "paddingTop": 20,
          },
        },
        "ref": null,
        "rendered": Object {
          "instance": null,
          "key": undefined,
          "nodeType": "class",
          "props": Object {
            "activeOpacity": 0.2,
            "children": <Text
              accessible={true}
              allowFontScaling={true}
              ellipsizeMode="tail"
            >
              Close
            </Text>,
            "onPress": [MockFunction],
          },
          "ref": null,
          "rendered": Object {
            "instance": null,
            "key": undefined,
            "nodeType": "class",
            "props": Object {
              "accessible": true,
              "allowFontScaling": true,
              "children": "Close",
              "ellipsizeMode": "tail",
            },
            "ref": null,
            "rendered": "Close",
            "type": [Function],
          },
          "type": [Function],
        },
        "type": [Function],
      },
      Object {
        "instance": null,
        "key": undefined,
        "nodeType": "class",
        "props": Object {},
        "ref": null,
        "rendered": null,
        "type": [Function],
      },
    ],
    "type": [Function],
  },
  Symbol(enzyme.__nodes__): Array [
    Object {
      "instance": null,
      "key": undefined,
      "nodeType": "class",
      "props": Object {
        "children": Array [
          <View
            style={
              Object {
                "flexDirection": "row",
                "justifyContent": "flex-end",
                "paddingHorizontal": 10,
                "paddingTop": 20,
              }
            }
          >
            <TouchableOpacity
              activeOpacity={0.2}
              onPress={[MockFunction]}
            >
              <Text
                accessible={true}
                allowFontScaling={true}
                ellipsizeMode="tail"
              >
                Close
              </Text>
            </TouchableOpacity>
          </View>,
          Array [
            <View />,
          ],
        ],
        "style": Array [
          Object {
            "backgroundColor": "#FFF",
            "bottom": 0,
            "left": 0,
            "position": "absolute",
            "right": 0,
            "top": 0,
          },
          Object {
            "height": 667,
            "width": 667,
          },
        ],
      },
      "ref": null,
      "rendered": Array [
        Object {
          "instance": null,
          "key": undefined,
          "nodeType": "class",
          "props": Object {
            "children": <TouchableOpacity
              activeOpacity={0.2}
              onPress={[MockFunction]}
            >
              <Text
                accessible={true}
                allowFontScaling={true}
                ellipsizeMode="tail"
              >
                Close
              </Text>
            </TouchableOpacity>,
            "style": Object {
              "flexDirection": "row",
              "justifyContent": "flex-end",
              "paddingHorizontal": 10,
              "paddingTop": 20,
            },
          },
          "ref": null,
          "rendered": Object {
            "instance": null,
            "key": undefined,
            "nodeType": "class",
            "props": Object {
              "activeOpacity": 0.2,
              "children": <Text
                accessible={true}
                allowFontScaling={true}
                ellipsizeMode="tail"
              >
                Close
              </Text>,
              "onPress": [MockFunction],
            },
            "ref": null,
            "rendered": Object {
              "instance": null,
              "key": undefined,
              "nodeType": "class",
              "props": Object {
                "accessible": true,
                "allowFontScaling": true,
                "children": "Close",
                "ellipsizeMode": "tail",
              },
              "ref": null,
              "rendered": "Close",
              "type": [Function],
            },
            "type": [Function],
          },
          "type": [Function],
        },
        Object {
          "instance": null,
          "key": undefined,
          "nodeType": "class",
          "props": Object {},
          "ref": null,
          "rendered": null,
          "type": [Function],
        },
      ],
      "type": [Function],
    },
  ],
  Symbol(enzyme.__options__): Object {
    "adapter": ReactSixteenAdapter {
      "options": Object {
        "enableComponentDidUpdateOnSetState": true,
      },
    },
  },
}
`;
