// Jest Snapshot v1, https://goo.gl/fbAQLP

exports[`Media actions TakePhoto returns Success when done 1`] = `
Array [
  Object {
    "reason": "Kollar vem du Ã¤r",
    "sender": "TakePhoto",
    "type": "APP = BUSY LOADING",
  },
  Object {
    "cancelled": false,
    "height": 1,
    "type": "MEDIA_SUCCESS",
    "uri": "test",
    "width": 1,
  },
  Object {
    "exception": null,
    "reason": null,
    "sender": "TakePhoto",
    "type": "APP NO ERROR",
  },
  Object {
    "reason": null,
    "sender": "TakePhoto",
    "type": "APP = DONE LOADING",
  },
]
`;
