// Jest Snapshot v1, https://goo.gl/fbAQLP

exports[`AuthReducer should return initial state 1`] = `
Object {
  "scene": Object {},
}
`;
