// Jest Snapshot v1, https://goo.gl/fbAQLP

exports[`Utility Reducer should return initial state 1`] = `null`;
