// Jest Snapshot v1, https://goo.gl/fbAQLP

exports[`LoginReducer should return initial state 1`] = `
Object {
  "isLoggedIn": false,
  "user": null,
}
`;
